// Jest Snapshot v1, https://goo.gl/fbAQLP

exports[`Signup loads login without exploding 1`] = `
Object {
  "asFragment": [Function],
  "baseElement": <body>
    <div>
      <div
        class="header"
      >
        <div />
      </div>
      <div
        class="body"
      >
        <div>
          <div
            class="container"
          >
            <div
              class="container"
            >
              <div
                class="title margin-title"
              >
                 
              </div>
              <div
                class="body"
              >
                 
                <div
                  class="form-container"
                >
                  <div
                    class="container"
                  >
                    <form
                      class="form-container"
                    >
                      <div
                        class="container"
                      >
                        <div
                          class="title margin-title"
                        >
                          Información General
                           
                        </div>
                        <div
                          class="body"
                        >
                           
                          <p
                            class="form-description"
                          >
                            Comienza tu registro añadiendo tus datos generales
                          </p>
                          <div
                            class="form-container"
                          >
                            <div
                              class="field-container"
                            >
                              <div
                                class="container"
                              >
                                <label>
                                  Nombre
                                </label>
                                <input
                                  class="input"
                                  name="name"
                                  placeholder="Nombre"
                                  type="text"
                                  value=""
                                />
                              </div>
                            </div>
                            <div
                              class="field-container"
                            >
                              <div
                                class="container"
                              >
                                <label>
                                  Teléfono
                                </label>
                                <input
                                  class="input"
                                  name="phone"
                                  placeholder="+52 (000)-1111-222"
                                  type="tel"
                                  value=""
                                />
                              </div>
                            </div>
                            <div
                              class="field-container"
                            >
                              <div
                                class="container"
                              >
                                <label>
                                  Correo electrónico
                                </label>
                                <input
                                  class="input"
                                  name="email"
                                  placeholder="ejemplo@deacero.com"
                                  type="email"
                                  value=""
                                />
                              </div>
                            </div>
                            <div
                              class="field-container"
                            >
                              <div
                                class="container"
                              >
                                <label>
                                  Contraseña
                                </label>
                                <input
                                  class="input"
                                  name="password"
                                  placeholder="Contraseña"
                                  type="password"
                                  value=""
                                />
                              </div>
                            </div>
                            <div
                              class="field-container"
                            >
                              <div
                                class="container"
                              >
                                <label>
                                  Confirmar contraseña
                                </label>
                                <input
                                  class="input"
                                  name="password-confirm"
                                  placeholder="Contraseña"
                                  type="password"
                                  value=""
                                />
                              </div>
                            </div>
                          </div>
                           
                        </div>
                      </div>
                    </form>
                    <div
                      class="button-container"
                    >
                      <button
                        class="button primary activeClass"
                      >
                        siguiente
                      </button>
                    </div>
                  </div>
                </div>
                 
              </div>
            </div>
            <div
              class="vertical"
            >
              <div
                class="content primary right"
              >
                <div
                  class="stepper-wrapper"
                >
                  <div
                    class="stepper"
                  >
                    <div
                      class="title"
                    >
                      Es muy fácil y rápido
                    </div>
                    <div
                      class="stepper-selector"
                    >
                      <div
                        class="line"
                      />
                      <div
                        class="step"
                      >
                        <div
                          class="step-checkbox"
                        >
                          <div
                            class="selected"
                          />
                        </div>
                        <div
                          class="step-title"
                        >
                          Información General
                        </div>
                      </div>
                      <div
                        class="step"
                      >
                        <div
                          class="step-checkbox"
                        />
                        <div
                          class="step-title"
                        >
                          Ubicación
                        </div>
                      </div>
                      <div
                        class="step"
                      >
                        <div
                          class="step-checkbox"
                        />
                        <div
                          class="step-title"
                        >
                          Información Fiscal
                        </div>
                      </div>
                    </div>
                  </div>
                </div>
              </div>
            </div>
          </div>
        </div>
      </div>
      <div
        class="footer"
      >
        <div />
      </div>
    </div>
  </body>,
  "container": <div>
    <div
      class="header"
    >
      <div />
    </div>
    <div
      class="body"
    >
      <div>
        <div
          class="container"
        >
          <div
            class="container"
          >
            <div
              class="title margin-title"
            >
               
            </div>
            <div
              class="body"
            >
               
              <div
                class="form-container"
              >
                <div
                  class="container"
                >
                  <form
                    class="form-container"
                  >
                    <div
                      class="container"
                    >
                      <div
                        class="title margin-title"
                      >
                        Información General
                         
                      </div>
                      <div
                        class="body"
                      >
                         
                        <p
                          class="form-description"
                        >
                          Comienza tu registro añadiendo tus datos generales
                        </p>
                        <div
                          class="form-container"
                        >
                          <div
                            class="field-container"
                          >
                            <div
                              class="container"
                            >
                              <label>
                                Nombre
                              </label>
                              <input
                                class="input"
                                name="name"
                                placeholder="Nombre"
                                type="text"
                                value=""
                              />
                            </div>
                          </div>
                          <div
                            class="field-container"
                          >
                            <div
                              class="container"
                            >
                              <label>
                                Teléfono
                              </label>
                              <input
                                class="input"
                                name="phone"
                                placeholder="+52 (000)-1111-222"
                                type="tel"
                                value=""
                              />
                            </div>
                          </div>
                          <div
                            class="field-container"
                          >
                            <div
                              class="container"
                            >
                              <label>
                                Correo electrónico
                              </label>
                              <input
                                class="input"
                                name="email"
                                placeholder="ejemplo@deacero.com"
                                type="email"
                                value=""
                              />
                            </div>
                          </div>
                          <div
                            class="field-container"
                          >
                            <div
                              class="container"
                            >
                              <label>
                                Contraseña
                              </label>
                              <input
                                class="input"
                                name="password"
                                placeholder="Contraseña"
                                type="password"
                                value=""
                              />
                            </div>
                          </div>
                          <div
                            class="field-container"
                          >
                            <div
                              class="container"
                            >
                              <label>
                                Confirmar contraseña
                              </label>
                              <input
                                class="input"
                                name="password-confirm"
                                placeholder="Contraseña"
                                type="password"
                                value=""
                              />
                            </div>
                          </div>
                        </div>
                         
                      </div>
                    </div>
                  </form>
                  <div
                    class="button-container"
                  >
                    <button
                      class="button primary activeClass"
                    >
                      siguiente
                    </button>
                  </div>
                </div>
              </div>
               
            </div>
          </div>
          <div
            class="vertical"
          >
            <div
              class="content primary right"
            >
              <div
                class="stepper-wrapper"
              >
                <div
                  class="stepper"
                >
                  <div
                    class="title"
                  >
                    Es muy fácil y rápido
                  </div>
                  <div
                    class="stepper-selector"
                  >
                    <div
                      class="line"
                    />
                    <div
                      class="step"
                    >
                      <div
                        class="step-checkbox"
                      >
                        <div
                          class="selected"
                        />
                      </div>
                      <div
                        class="step-title"
                      >
                        Información General
                      </div>
                    </div>
                    <div
                      class="step"
                    >
                      <div
                        class="step-checkbox"
                      />
                      <div
                        class="step-title"
                      >
                        Ubicación
                      </div>
                    </div>
                    <div
                      class="step"
                    >
                      <div
                        class="step-checkbox"
                      />
                      <div
                        class="step-title"
                      >
                        Información Fiscal
                      </div>
                    </div>
                  </div>
                </div>
              </div>
            </div>
          </div>
        </div>
      </div>
    </div>
    <div
      class="footer"
    >
      <div />
    </div>
  </div>,
  "debug": [Function],
  "findAllByAltText": [Function],
  "findAllByDisplayValue": [Function],
  "findAllByLabelText": [Function],
  "findAllByPlaceholderText": [Function],
  "findAllByRole": [Function],
  "findAllByTestId": [Function],
  "findAllByText": [Function],
  "findAllByTitle": [Function],
  "findByAltText": [Function],
  "findByDisplayValue": [Function],
  "findByLabelText": [Function],
  "findByPlaceholderText": [Function],
  "findByRole": [Function],
  "findByTestId": [Function],
  "findByText": [Function],
  "findByTitle": [Function],
  "getAllByAltText": [Function],
  "getAllByDisplayValue": [Function],
  "getAllByLabelText": [Function],
  "getAllByPlaceholderText": [Function],
  "getAllByRole": [Function],
  "getAllByTestId": [Function],
  "getAllByText": [Function],
  "getAllByTitle": [Function],
  "getByAltText": [Function],
  "getByDisplayValue": [Function],
  "getByLabelText": [Function],
  "getByPlaceholderText": [Function],
  "getByRole": [Function],
  "getByTestId": [Function],
  "getByText": [Function],
  "getByTitle": [Function],
  "queryAllByAltText": [Function],
  "queryAllByDisplayValue": [Function],
  "queryAllByLabelText": [Function],
  "queryAllByPlaceholderText": [Function],
  "queryAllByRole": [Function],
  "queryAllByTestId": [Function],
  "queryAllByText": [Function],
  "queryAllByTitle": [Function],
  "queryByAltText": [Function],
  "queryByDisplayValue": [Function],
  "queryByLabelText": [Function],
  "queryByPlaceholderText": [Function],
  "queryByRole": [Function],
  "queryByTestId": [Function],
  "queryByText": [Function],
  "queryByTitle": [Function],
  "rerender": [Function],
  "unmount": [Function],
}
`;
