// Jest Snapshot v1, https://goo.gl/fbAQLP

exports[`Header renders ProductsNotFound with no issue 1`] = `
<div>
  <div
    className="container"
  >
    <img
      alt="Not found img"
      className="image"
      src="/product-not-found.jpg"
    />
    <div
      className="containerInfo"
    >
      <div
        className="title"
      >
        No encontramos un producto que coincida con tu búsqueda
      </div>
      <div
        className="info"
      >
        <div>
          Navega por las
          <div
            className="categories"
          >
            <button
              className="button white"
              onClick={[Function]}
            >
              categorías
            </button>
          </div>
          para encontrar un producto similar
        </div>
      </div>
    </div>
  </div>
</div>
`;
