// Jest Snapshot v1, https://goo.gl/fbAQLP

exports[`renders GridContainer with no issue 1`] = `
<div>
  <div
    className="container"
  />
</div>
`;
