// Jest Snapshot v1, https://goo.gl/fbAQLP

exports[`PageNotFound renders PageNotFound without problem 1`] = `
Object {
  "asFragment": [Function],
  "baseElement": <body>
    <div>
      <div>
        <div
          class="container"
        >
          <img
            alt="Not found img"
            class="image"
            src="/page-not-found.jpg"
          />
          <div
            class="containerInfo"
          >
            <div
              class="title"
            >
              P치gina no encontrada
            </div>
            <div
              class="info"
            >
              <div
                class="info-container"
              >
                <div>
                  No hemos podido encontrar la p치gina que buscas pero puedes seguir navegando en marketplace.
                </div>
                <button
                  class="button primary-large activeClass"
                >
                  Ir a home
                </button>
              </div>
            </div>
          </div>
        </div>
      </div>
    </div>
  </body>,
  "container": <div>
    <div>
      <div
        class="container"
      >
        <img
          alt="Not found img"
          class="image"
          src="/page-not-found.jpg"
        />
        <div
          class="containerInfo"
        >
          <div
            class="title"
          >
            P치gina no encontrada
          </div>
          <div
            class="info"
          >
            <div
              class="info-container"
            >
              <div>
                No hemos podido encontrar la p치gina que buscas pero puedes seguir navegando en marketplace.
              </div>
              <button
                class="button primary-large activeClass"
              >
                Ir a home
              </button>
            </div>
          </div>
        </div>
      </div>
    </div>
  </div>,
  "debug": [Function],
  "findAllByAltText": [Function],
  "findAllByDisplayValue": [Function],
  "findAllByLabelText": [Function],
  "findAllByPlaceholderText": [Function],
  "findAllByRole": [Function],
  "findAllByTestId": [Function],
  "findAllByText": [Function],
  "findAllByTitle": [Function],
  "findByAltText": [Function],
  "findByDisplayValue": [Function],
  "findByLabelText": [Function],
  "findByPlaceholderText": [Function],
  "findByRole": [Function],
  "findByTestId": [Function],
  "findByText": [Function],
  "findByTitle": [Function],
  "getAllByAltText": [Function],
  "getAllByDisplayValue": [Function],
  "getAllByLabelText": [Function],
  "getAllByPlaceholderText": [Function],
  "getAllByRole": [Function],
  "getAllByTestId": [Function],
  "getAllByText": [Function],
  "getAllByTitle": [Function],
  "getByAltText": [Function],
  "getByDisplayValue": [Function],
  "getByLabelText": [Function],
  "getByPlaceholderText": [Function],
  "getByRole": [Function],
  "getByTestId": [Function],
  "getByText": [Function],
  "getByTitle": [Function],
  "queryAllByAltText": [Function],
  "queryAllByDisplayValue": [Function],
  "queryAllByLabelText": [Function],
  "queryAllByPlaceholderText": [Function],
  "queryAllByRole": [Function],
  "queryAllByTestId": [Function],
  "queryAllByText": [Function],
  "queryAllByTitle": [Function],
  "queryByAltText": [Function],
  "queryByDisplayValue": [Function],
  "queryByLabelText": [Function],
  "queryByPlaceholderText": [Function],
  "queryByRole": [Function],
  "queryByTestId": [Function],
  "queryByText": [Function],
  "queryByTitle": [Function],
  "rerender": [Function],
  "unmount": [Function],
}
`;
