// Jest Snapshot v1, https://goo.gl/fbAQLP

exports[`renders MailTo with no issue 1`] = `
<a
  className="mail"
  href="mailto:contact@example.com"
/>
`;
