// Jest Snapshot v1, https://goo.gl/fbAQLP

exports[`Login loads login without exploding 1`] = `
Object {
  "asFragment": [Function],
  "baseElement": <body>
    <div>
      <div
        class="header"
      >
        <div />
      </div>
      <div
        class="body"
      >
        <div>
          <div
            class="container"
          >
            <div
              class="container"
            >
              <div
                class="title margin-title"
              >
                 
              </div>
              <div
                class="body"
              >
                 
                <div
                  class="form-container"
                >
                  <div
                    class="container"
                  >
                    <form
                      class="form-container"
                    >
                      <div
                        class="container"
                      >
                        <div
                          class="title margin-title"
                        >
                          Ingresa a la plataforma
                           
                        </div>
                        <div
                          class="body"
                        >
                           
                          <p
                            class="form-description"
                          >
                            Ingresa tus datos para acceder a la plataforma
                          </p>
                          <div
                            class="form-container"
                          >
                            <div
                              class="field-container"
                            >
                              <div
                                class="container"
                              >
                                <label>
                                  Usuario
                                </label>
                                <input
                                  class="input"
                                  mock="[object Object]"
                                  placeholder="Usuario"
                                  type="text"
                                  value=""
                                />
                              </div>
                            </div>
                            <div
                              class="field-container"
                            >
                              <div
                                class="container"
                              >
                                <label>
                                  Contrase単a
                                </label>
                                <input
                                  class="input"
                                  mock="[object Object]"
                                  placeholder="Contrase単a"
                                  type="password"
                                  value=""
                                />
                              </div>
                            </div>
                          </div>
                           
                        </div>
                      </div>
                      <button
                        class="button primary"
                      >
                        Ingresar
                      </button>
                    </form>
                  </div>
                </div>
                 
              </div>
            </div>
            <div
              class="vertical"
            >
              <div
                class="content primary right"
              />
            </div>
          </div>
        </div>
      </div>
      <div
        class="footer"
      >
        <div />
      </div>
    </div>
  </body>,
  "container": <div>
    <div
      class="header"
    >
      <div />
    </div>
    <div
      class="body"
    >
      <div>
        <div
          class="container"
        >
          <div
            class="container"
          >
            <div
              class="title margin-title"
            >
               
            </div>
            <div
              class="body"
            >
               
              <div
                class="form-container"
              >
                <div
                  class="container"
                >
                  <form
                    class="form-container"
                  >
                    <div
                      class="container"
                    >
                      <div
                        class="title margin-title"
                      >
                        Ingresa a la plataforma
                         
                      </div>
                      <div
                        class="body"
                      >
                         
                        <p
                          class="form-description"
                        >
                          Ingresa tus datos para acceder a la plataforma
                        </p>
                        <div
                          class="form-container"
                        >
                          <div
                            class="field-container"
                          >
                            <div
                              class="container"
                            >
                              <label>
                                Usuario
                              </label>
                              <input
                                class="input"
                                mock="[object Object]"
                                placeholder="Usuario"
                                type="text"
                                value=""
                              />
                            </div>
                          </div>
                          <div
                            class="field-container"
                          >
                            <div
                              class="container"
                            >
                              <label>
                                Contrase単a
                              </label>
                              <input
                                class="input"
                                mock="[object Object]"
                                placeholder="Contrase単a"
                                type="password"
                                value=""
                              />
                            </div>
                          </div>
                        </div>
                         
                      </div>
                    </div>
                    <button
                      class="button primary"
                    >
                      Ingresar
                    </button>
                  </form>
                </div>
              </div>
               
            </div>
          </div>
          <div
            class="vertical"
          >
            <div
              class="content primary right"
            />
          </div>
        </div>
      </div>
    </div>
    <div
      class="footer"
    >
      <div />
    </div>
  </div>,
  "debug": [Function],
  "findAllByAltText": [Function],
  "findAllByDisplayValue": [Function],
  "findAllByLabelText": [Function],
  "findAllByPlaceholderText": [Function],
  "findAllByRole": [Function],
  "findAllByTestId": [Function],
  "findAllByText": [Function],
  "findAllByTitle": [Function],
  "findByAltText": [Function],
  "findByDisplayValue": [Function],
  "findByLabelText": [Function],
  "findByPlaceholderText": [Function],
  "findByRole": [Function],
  "findByTestId": [Function],
  "findByText": [Function],
  "findByTitle": [Function],
  "getAllByAltText": [Function],
  "getAllByDisplayValue": [Function],
  "getAllByLabelText": [Function],
  "getAllByPlaceholderText": [Function],
  "getAllByRole": [Function],
  "getAllByTestId": [Function],
  "getAllByText": [Function],
  "getAllByTitle": [Function],
  "getByAltText": [Function],
  "getByDisplayValue": [Function],
  "getByLabelText": [Function],
  "getByPlaceholderText": [Function],
  "getByRole": [Function],
  "getByTestId": [Function],
  "getByText": [Function],
  "getByTitle": [Function],
  "queryAllByAltText": [Function],
  "queryAllByDisplayValue": [Function],
  "queryAllByLabelText": [Function],
  "queryAllByPlaceholderText": [Function],
  "queryAllByRole": [Function],
  "queryAllByTestId": [Function],
  "queryAllByText": [Function],
  "queryAllByTitle": [Function],
  "queryByAltText": [Function],
  "queryByDisplayValue": [Function],
  "queryByLabelText": [Function],
  "queryByPlaceholderText": [Function],
  "queryByRole": [Function],
  "queryByTestId": [Function],
  "queryByText": [Function],
  "queryByTitle": [Function],
  "rerender": [Function],
  "unmount": [Function],
}
`;
