// Jest Snapshot v1, https://goo.gl/fbAQLP

exports[`renders Section with no issue 1`] = `
<div
  className="large-container-width container"
>
  <div
    className="medium-title margin-title"
  >
     
  </div>
  <div
    className="children"
  >
     
     
  </div>
</div>
`;
