// Jest Snapshot v1, https://goo.gl/fbAQLP

exports[`renders View with no issue 1`] = `
Array [
  <div
    className="header"
  >
    <div />
  </div>,
  <div
    className="body"
  >
    <div />
  </div>,
  <div
    className="footer"
  >
    <div />
  </div>,
]
`;
