// Jest Snapshot v1, https://goo.gl/fbAQLP

exports[`Footer renders Footer without problem 1`] = `
Object {
  "asFragment": [Function],
  "baseElement": <body>
    <div>
      <div
        class="footer"
      >
        <div
          class="subscribing"
        >
          <div
            class="text"
          >
            Sé el primero en enterarte de ofertas y novedades. Compártenos tu correo y te mantendremos al tanto de todo.
          </div>
          <div
            class="email"
          >
            <input
              placeholder="Escribe tu correo electónico"
              type="text"
            />
            <div
              class="button-container"
            >
              <button
                class="button suscribe"
              >
                Suscribete
              </button>
            </div>
          </div>
        </div>
        <div
          class="info-white-container"
        >
          <div
            class="info-text"
          >
            <div
              class="acerca-de"
            >
              <b>
                Acerca de
              </b>
              <button
                class="button transparent-black"
              >
                Conócenos
              </button>
              <button
                class="button transparent-black"
              >
                Ayuda
              </button>
            </div>
            <div
              class="contacto"
            >
              <b>
                Contacto
              </b>
              <button
                class="button transparent-black"
              >
                Contactar soporte
              </button>
              <button
                class="button transparent-black"
              >
                Preguntas frecuentes
              </button>
              <button
                class="button transparent-black"
              >
                Politicas y condiciones
              </button>
            </div>
            <div
              class="popup"
              id="myPopup"
            >
              <b>
                Soporte
              </b>
              <div
                class="popup-text"
              >
                <p>
                  Envianos tus dudas a: 
                </p>
                <p>
                  ejemplo@correo.com 
                </p>
              </div>
            </div>
          </div>
        </div>
      </div>
    </div>
  </body>,
  "container": <div>
    <div
      class="footer"
    >
      <div
        class="subscribing"
      >
        <div
          class="text"
        >
          Sé el primero en enterarte de ofertas y novedades. Compártenos tu correo y te mantendremos al tanto de todo.
        </div>
        <div
          class="email"
        >
          <input
            placeholder="Escribe tu correo electónico"
            type="text"
          />
          <div
            class="button-container"
          >
            <button
              class="button suscribe"
            >
              Suscribete
            </button>
          </div>
        </div>
      </div>
      <div
        class="info-white-container"
      >
        <div
          class="info-text"
        >
          <div
            class="acerca-de"
          >
            <b>
              Acerca de
            </b>
            <button
              class="button transparent-black"
            >
              Conócenos
            </button>
            <button
              class="button transparent-black"
            >
              Ayuda
            </button>
          </div>
          <div
            class="contacto"
          >
            <b>
              Contacto
            </b>
            <button
              class="button transparent-black"
            >
              Contactar soporte
            </button>
            <button
              class="button transparent-black"
            >
              Preguntas frecuentes
            </button>
            <button
              class="button transparent-black"
            >
              Politicas y condiciones
            </button>
          </div>
          <div
            class="popup"
            id="myPopup"
          >
            <b>
              Soporte
            </b>
            <div
              class="popup-text"
            >
              <p>
                Envianos tus dudas a: 
              </p>
              <p>
                ejemplo@correo.com 
              </p>
            </div>
          </div>
        </div>
      </div>
    </div>
  </div>,
  "debug": [Function],
  "findAllByAltText": [Function],
  "findAllByDisplayValue": [Function],
  "findAllByLabelText": [Function],
  "findAllByPlaceholderText": [Function],
  "findAllByRole": [Function],
  "findAllByTestId": [Function],
  "findAllByText": [Function],
  "findAllByTitle": [Function],
  "findByAltText": [Function],
  "findByDisplayValue": [Function],
  "findByLabelText": [Function],
  "findByPlaceholderText": [Function],
  "findByRole": [Function],
  "findByTestId": [Function],
  "findByText": [Function],
  "findByTitle": [Function],
  "getAllByAltText": [Function],
  "getAllByDisplayValue": [Function],
  "getAllByLabelText": [Function],
  "getAllByPlaceholderText": [Function],
  "getAllByRole": [Function],
  "getAllByTestId": [Function],
  "getAllByText": [Function],
  "getAllByTitle": [Function],
  "getByAltText": [Function],
  "getByDisplayValue": [Function],
  "getByLabelText": [Function],
  "getByPlaceholderText": [Function],
  "getByRole": [Function],
  "getByTestId": [Function],
  "getByText": [Function],
  "getByTitle": [Function],
  "queryAllByAltText": [Function],
  "queryAllByDisplayValue": [Function],
  "queryAllByLabelText": [Function],
  "queryAllByPlaceholderText": [Function],
  "queryAllByRole": [Function],
  "queryAllByTestId": [Function],
  "queryAllByText": [Function],
  "queryAllByTitle": [Function],
  "queryByAltText": [Function],
  "queryByDisplayValue": [Function],
  "queryByLabelText": [Function],
  "queryByPlaceholderText": [Function],
  "queryByRole": [Function],
  "queryByTestId": [Function],
  "queryByText": [Function],
  "queryByTitle": [Function],
  "rerender": [Function],
  "unmount": [Function],
}
`;
